Report time       : Sun Jul 21 11:54:58 CDT 2019.
Solution          : arbitrary_clock_gen_1.
Simulation tool   : xsim.

+----------+----------+-----------------------------------------------+-----------------------------------------------+
|          |          |                    Latency                    |                    Interval                   |
+   RTL    +  Status  +-----------------------------------------------+-----------------------------------------------+
|          |          |      min      |      avg      |      max      |      min      |      avg      |      max      |
+----------+----------+-----------------------------------------------+-----------------------------------------------+
|      VHDL|        NA|             NA|             NA|             NA|             NA|             NA|             NA|
|   Verilog|      Pass|              7|              7|              8|              8|              8|              9|
+----------+----------+-----------------------------------------------+-----------------------------------------------+
